╔════════════════════════════════════════════════════════════╗
║         AGGREGATOR PIPELINE - Full Run                    ║
║         Run ID: aggregator_run_20251225_131304                   ║
║         Seed: 42 (reproducible)                           ║
╚════════════════════════════════════════════════════════════╝

Master log: /home/dsi/shilo_avital/yolo_lab/walk_to_paint/aggregator_logs/aggregator_run_20251225_131304_master.log

╔════════════════════════════════════════════════════════════╗
║  Processing: epinions
╚════════════════════════════════════════════════════════════╝

Checkpoint: /home/dsi/shilo_avital/yolo_lab/walk_to_paint/outputs/epinions/epinions-run_20251224-214709/checkpoints/epinions-epinions-run-epoch=15-val_loss=1.25.ckpt

[1/3] Extracting edge scores for epinions...
Traceback (most recent call last):
  File "/home/eng/shilo_avital/yolo_lab/walk_to_paint/scripts/extract_edge_scores.py", line 27, in <module>
    import numpy as np
ModuleNotFoundError: No module named 'numpy'
✓ Features saved to: /home/dsi/shilo_avital/yolo_lab/walk_to_paint/aggregator_features/epinions_features.pkl

[2/3] Training logistic aggregator for epinions...
Traceback (most recent call last):
  File "/home/eng/shilo_avital/yolo_lab/walk_to_paint/scripts/train_aggregator.py", line 23, in <module>
    import numpy as np
ModuleNotFoundError: No module named 'numpy'
✓ logistic aggregator saved to: /home/dsi/shilo_avital/yolo_lab/walk_to_paint/aggregator_results/epinions/logistic

[2/3] Training mlp aggregator for epinions...
Traceback (most recent call last):
  File "/home/eng/shilo_avital/yolo_lab/walk_to_paint/scripts/train_aggregator.py", line 23, in <module>
    import numpy as np
ModuleNotFoundError: No module named 'numpy'
✓ mlp aggregator saved to: /home/dsi/shilo_avital/yolo_lab/walk_to_paint/aggregator_results/epinions/mlp

╔════════════════════════════════════════════════════════════╗
║  Completed: epinions (0s)
╚════════════════════════════════════════════════════════════╝

╔════════════════════════════════════════════════════════════╗
║  Processing: slashdot090221
╚════════════════════════════════════════════════════════════╝

Checkpoint: /home/dsi/shilo_avital/yolo_lab/walk_to_paint/outputs/slashdot090221/slashdot090221-run_20251224-214709/checkpoints/slashdot090221-slashdot090221-run-epoch=06-val_loss=2.22.ckpt

[1/3] Extracting edge scores for slashdot090221...
Traceback (most recent call last):
  File "/home/eng/shilo_avital/yolo_lab/walk_to_paint/scripts/extract_edge_scores.py", line 27, in <module>
    import numpy as np
ModuleNotFoundError: No module named 'numpy'
✓ Features saved to: /home/dsi/shilo_avital/yolo_lab/walk_to_paint/aggregator_features/slashdot090221_features.pkl

[2/3] Training logistic aggregator for slashdot090221...
Traceback (most recent call last):
  File "/home/eng/shilo_avital/yolo_lab/walk_to_paint/scripts/train_aggregator.py", line 23, in <module>
    import numpy as np
ModuleNotFoundError: No module named 'numpy'
✓ logistic aggregator saved to: /home/dsi/shilo_avital/yolo_lab/walk_to_paint/aggregator_results/slashdot090221/logistic

[2/3] Training mlp aggregator for slashdot090221...
Traceback (most recent call last):
  File "/home/eng/shilo_avital/yolo_lab/walk_to_paint/scripts/train_aggregator.py", line 23, in <module>
    import numpy as np
ModuleNotFoundError: No module named 'numpy'
✓ mlp aggregator saved to: /home/dsi/shilo_avital/yolo_lab/walk_to_paint/aggregator_results/slashdot090221/mlp

╔════════════════════════════════════════════════════════════╗
║  Completed: slashdot090221 (0s)
╚════════════════════════════════════════════════════════════╝

╔════════════════════════════════════════════════════════════╗
║  Processing: wiki-rfa
╚════════════════════════════════════════════════════════════╝

⚠️  Checkpoint not found: 
    Skipping wiki-rfa


╔════════════════════════════════════════════════════════════╗
║             FINAL COMPARISON: Transformer vs Aggregator    ║
╚════════════════════════════════════════════════════════════╝

Results saved to: /home/dsi/shilo_avital/yolo_lab/walk_to_paint/aggregator_logs/aggregator_run_20251225_131304_comparison.csv

Dataset,Model,Agg_Train_AUC,Agg_Val_AUC,Agg_Test_AUC,Transformer_Val_AUC,Transformer_Test_AUC,Delta_Val,Delta_Test

Full logs:
  Master log:  /home/dsi/shilo_avital/yolo_lab/walk_to_paint/aggregator_logs/aggregator_run_20251225_131304_master.log
  Dataset logs: /home/dsi/shilo_avital/yolo_lab/walk_to_paint/aggregator_logs/aggregator_run_20251225_131304_*.log

Results:
  Features:    /home/dsi/shilo_avital/yolo_lab/walk_to_paint/aggregator_features/
  Models:      /home/dsi/shilo_avital/yolo_lab/walk_to_paint/aggregator_results/
  Logs:        /home/dsi/shilo_avital/yolo_lab/walk_to_paint/aggregator_logs/

╔════════════════════════════════════════════════════════════╗
║  Run ID: aggregator_run_20251225_131304
║  Timestamp: 2025-12-25 13:13:04
║  Status: ✓ COMPLETE
╚════════════════════════════════════════════════════════════╝
