/home/eng/shilo_avital/yolo_lab/walk_to_paint/.venv/lib64/python3.9/site-packages/networkx/utils/backends.py:135: RuntimeWarning: networkx backend defined more than once: nx-loopback
  backends.update(_get_backends("networkx.backends"))
Outputs -> exp_dir: outputs/epinions/epinions-optuna_20251203-224054
🎯 Starting Optuna hyperparameter optimization with 200 trials
📊 Objective: Maximize validation AUC
🖥️  Device: 0
💾 Keeping top 10 checkpoints/logs to save space
/home/eng/shilo_avital/yolo_lab/walk_to_paint/optuna_run.py:358: ExperimentalWarning: JournalStorage is experimental (supported from v3.1.0). The interface can change in the future.
  storage = JournalStorage(JournalFileStorage(optuna_log))
[I 2025-12-03 22:40:57,703] A new study created in Journal with name: walk_to_paint_study_epinions-optuna_20251203-224054
🔁 Enqueued initial seed trial from config.optuna.initial_params
Seed set to 42

🔬 Trial 0 hyperparameters:
  Walk length: 83, Num walks: 219,589
  LR: 1.20e-03, Batch size: 64
  Model: emb_dim=32, hidden_dim=16
  Transformer: 5 layers, 8 heads
  Epochs: 25, Weighted loss: True
Loading epinions dataset...
Success! ✅
Splitting edges for epinions dataset...
Ratios: train=0.480, mask=0.320, val=0.100, test=0.100
Success! ✅
Sampling random walks from epinions dataset...
Success! ✅
Building tokenizer for epinions dataset...
Success! ✅
Padding and building stage tensors for epinions dataset...
Success! ✅
Creating DataLoaders for epinions dataset...
Success! ✅
GPU available: True (cuda), used: True
TPU available: False, using: 0 TPU cores
HPU available: False, using: 0 HPUs
You are using a CUDA device ('NVIDIA L40S') that has Tensor Cores. To properly utilize them, you should set `torch.set_float32_matmul_precision('medium' | 'high')` which will trade-off precision for performance. For more details, read https://pytorch.org/docs/stable/generated/torch.set_float32_matmul_precision.html#torch.set_float32_matmul_precision
LOCAL_RANK: 0 - CUDA_VISIBLE_DEVICES: [0]
/home/eng/shilo_avital/yolo_lab/walk_to_paint/.venv/lib64/python3.9/site-packages/pytorch_lightning/trainer/connectors/data_connector.py:425: The 'val_dataloader' does not have many workers which may be a bottleneck. Consider increasing the value of the `num_workers` argument` to `num_workers=127` in the `DataLoader` to improve performance.
/home/eng/shilo_avital/yolo_lab/walk_to_paint/.venv/lib64/python3.9/site-packages/pytorch_lightning/trainer/connectors/data_connector.py:425: The 'train_dataloader' does not have many workers which may be a bottleneck. Consider increasing the value of the `num_workers` argument` to `num_workers=127` in the `DataLoader` to improve performance.
Metric val_auc_epoch improved. New best score: 0.699
Metric val_auc_epoch improved by 0.025 >= min_delta = 0.0. New best score: 0.725
Metric val_auc_epoch improved by 0.010 >= min_delta = 0.0. New best score: 0.734
Metric val_auc_epoch improved by 0.003 >= min_delta = 0.0. New best score: 0.737
/home/eng/shilo_avital/yolo_lab/walk_to_paint/.venv/lib64/python3.9/site-packages/pytorch_lightning/loops/optimization/automatic.py:134: `training_step` returned `None`. If this was on purpose, ignore this warning...
Monitored metric val_auc_epoch did not improve in the last 10 records. Best score: 0.737. Signaling Trainer to stop.
Restoring states from the checkpoint path at /home/eng/shilo_avital/yolo_lab/walk_to_paint/outputs/epinions/epinions-optuna_20251203-224054/checkpoints/trial_0-epoch=03-val_auc_epoch=0.7374.ckpt
LOCAL_RANK: 0 - CUDA_VISIBLE_DEVICES: [0]
Loaded model weights from the checkpoint at /home/eng/shilo_avital/yolo_lab/walk_to_paint/outputs/epinions/epinions-optuna_20251203-224054/checkpoints/trial_0-epoch=03-val_auc_epoch=0.7374.ckpt
/home/eng/shilo_avital/yolo_lab/walk_to_paint/.venv/lib64/python3.9/site-packages/pytorch_lightning/trainer/connectors/data_connector.py:425: The 'val_dataloader' does not have many workers which may be a bottleneck. Consider increasing the value of the `num_workers` argument` to `num_workers=127` in the `DataLoader` to improve performance.
────────────────────────────────────────────────────────────────────────────────────────────────────────────────────────
     Validate metric           DataLoader 0
────────────────────────────────────────────────────────────────────────────────────────────────────────────────────────
          step                     14.0
      val_acc_epoch         0.6602686643600464
      val_auc_epoch         0.7373716831207275
      val_f1_epoch          0.5294578075408936
        val_loss            0.6392362713813782
────────────────────────────────────────────────────────────────────────────────────────────────────────────────────────
✅ Trial 0 completed - Val AUC: 0.7374
[I 2025-12-03 22:58:55,844] Trial 0 finished with value: 0.7373716831207275 and parameters: {'dataset.max_walk_length': 83, 'dataset.num_walks': 219589, 'training.lr': 0.0011990397793339518, 'training.weight_decay': 0.0026821863636421073, 'training.batch_size': 64, 'training.gradient_clip_val': 0.5956847053697083, 'training.early_stopping_patience': 10, 'model.nhead': 8, 'model.embedding_dim': 32, 'model.hidden_dim': 16, 'model.nlayers': 5, 'model.dropout': 0.6207573207736868, 'training.epochs': 25}. Best is trial 0 with value: 0.7373716831207275.
[I 2025-12-03 22:58:55,853] Trial 1 pruned. Could not find valid nhead/embedding_dim combination after 10 attempts
Seed set to 44

🔬 Trial 2 hyperparameters:
  Walk length: 65, Num walks: 3,282,576
  LR: 1.53e-02, Batch size: 64
  Model: emb_dim=8, hidden_dim=4
  Transformer: 5 layers, 2 heads
  Epochs: 18, Weighted loss: True
Loading epinions dataset...
Success! ✅
Splitting edges for epinions dataset...
Ratios: train=0.480, mask=0.320, val=0.100, test=0.100
Success! ✅
Sampling random walks from epinions dataset...
