{"op_code": 0, "worker_id": "7ea34bfa-c4f1-4b00-adc2-ecc5915f7fb3-139930645514048", "study_name": "walk_to_paint_study_epinions-optuna_20251203-224054", "directions": [2]}
{"op_code": 4, "worker_id": "7ea34bfa-c4f1-4b00-adc2-ecc5915f7fb3-139930645514048", "study_id": 0, "datetime_start": null, "state": 4, "value": null, "values": null, "distributions": {}, "params": {}, "user_attrs": {}, "system_attrs": {"fixed_params": {"dataset.max_walk_length": 83, "dataset.num_walks": 219589, "training.lr": 0.0011990397793339518, "training.weight_decay": 0.0026821863636421073, "training.batch_size": 64, "training.gradient_clip_val": 0.5956847053697083, "training.early_stopping_patience": 10, "training.epochs": 25, "model.embedding_dim": 32, "model.hidden_dim": 16, "model.nhead": 8, "model.nlayers": 5, "model.dropout": 0.6207573207736868}}, "intermediate_values": {}}
{"op_code": 6, "worker_id": "7ea34bfa-c4f1-4b00-adc2-ecc5915f7fb3-139930645514048", "trial_id": 0, "state": 0, "values": null, "datetime_start": "2025-12-03T22:40:57.705231"}
{"op_code": 5, "worker_id": "7ea34bfa-c4f1-4b00-adc2-ecc5915f7fb3-139930645514048", "trial_id": 0, "param_name": "dataset.max_walk_length", "param_value_internal": 83.0, "distribution": "{\"name\": \"IntDistribution\", \"attributes\": {\"log\": false, \"step\": 1, \"low\": 10, \"high\": 100}}"}
{"op_code": 5, "worker_id": "7ea34bfa-c4f1-4b00-adc2-ecc5915f7fb3-139930645514048", "trial_id": 0, "param_name": "dataset.num_walks", "param_value_internal": 219589.0, "distribution": "{\"name\": \"IntDistribution\", \"attributes\": {\"log\": true, \"step\": 1, \"low\": 100000, \"high\": 5000000}}"}
{"op_code": 5, "worker_id": "7ea34bfa-c4f1-4b00-adc2-ecc5915f7fb3-139930645514048", "trial_id": 0, "param_name": "training.lr", "param_value_internal": 0.0011990397793339518, "distribution": "{\"name\": \"FloatDistribution\", \"attributes\": {\"step\": null, \"low\": 1e-05, \"high\": 0.1, \"log\": true}}"}
{"op_code": 5, "worker_id": "7ea34bfa-c4f1-4b00-adc2-ecc5915f7fb3-139930645514048", "trial_id": 0, "param_name": "training.weight_decay", "param_value_internal": 0.0026821863636421073, "distribution": "{\"name\": \"FloatDistribution\", \"attributes\": {\"step\": null, \"low\": 1e-08, \"high\": 0.1, \"log\": true}}"}
{"op_code": 5, "worker_id": "7ea34bfa-c4f1-4b00-adc2-ecc5915f7fb3-139930645514048", "trial_id": 0, "param_name": "training.batch_size", "param_value_internal": 1, "distribution": "{\"name\": \"CategoricalDistribution\", \"attributes\": {\"choices\": [32, 64, 128, 256, 512]}}"}
{"op_code": 5, "worker_id": "7ea34bfa-c4f1-4b00-adc2-ecc5915f7fb3-139930645514048", "trial_id": 0, "param_name": "training.gradient_clip_val", "param_value_internal": 0.5956847053697083, "distribution": "{\"name\": \"FloatDistribution\", \"attributes\": {\"step\": null, \"low\": 0.1, \"high\": 2.0, \"log\": false}}"}
{"op_code": 5, "worker_id": "7ea34bfa-c4f1-4b00-adc2-ecc5915f7fb3-139930645514048", "trial_id": 0, "param_name": "training.early_stopping_patience", "param_value_internal": 10.0, "distribution": "{\"name\": \"IntDistribution\", \"attributes\": {\"log\": false, \"step\": 1, \"low\": 5, \"high\": 20}}"}
{"op_code": 5, "worker_id": "7ea34bfa-c4f1-4b00-adc2-ecc5915f7fb3-139930645514048", "trial_id": 0, "param_name": "model.nhead", "param_value_internal": 3, "distribution": "{\"name\": \"CategoricalDistribution\", \"attributes\": {\"choices\": [1, 2, 4, 8, 16]}}"}
{"op_code": 5, "worker_id": "7ea34bfa-c4f1-4b00-adc2-ecc5915f7fb3-139930645514048", "trial_id": 0, "param_name": "model.embedding_dim", "param_value_internal": 3, "distribution": "{\"name\": \"CategoricalDistribution\", \"attributes\": {\"choices\": [4, 8, 16, 32, 64, 128]}}"}
{"op_code": 5, "worker_id": "7ea34bfa-c4f1-4b00-adc2-ecc5915f7fb3-139930645514048", "trial_id": 0, "param_name": "model.hidden_dim", "param_value_internal": 2, "distribution": "{\"name\": \"CategoricalDistribution\", \"attributes\": {\"choices\": [4, 8, 16, 32, 64, 128, 256]}}"}
{"op_code": 5, "worker_id": "7ea34bfa-c4f1-4b00-adc2-ecc5915f7fb3-139930645514048", "trial_id": 0, "param_name": "model.nlayers", "param_value_internal": 5.0, "distribution": "{\"name\": \"IntDistribution\", \"attributes\": {\"log\": false, \"step\": 1, \"low\": 1, \"high\": 6}}"}
{"op_code": 5, "worker_id": "7ea34bfa-c4f1-4b00-adc2-ecc5915f7fb3-139930645514048", "trial_id": 0, "param_name": "model.dropout", "param_value_internal": 0.6207573207736868, "distribution": "{\"name\": \"FloatDistribution\", \"attributes\": {\"step\": null, \"low\": 0.0, \"high\": 0.7, \"log\": false}}"}
{"op_code": 5, "worker_id": "7ea34bfa-c4f1-4b00-adc2-ecc5915f7fb3-139930645514048", "trial_id": 0, "param_name": "training.epochs", "param_value_internal": 25.0, "distribution": "{\"name\": \"IntDistribution\", \"attributes\": {\"log\": false, \"step\": 1, \"low\": 6, \"high\": 25}}"}
{"op_code": 8, "worker_id": "7ea34bfa-c4f1-4b00-adc2-ecc5915f7fb3-139930645514048", "trial_id": 0, "user_attr": {"seed": 42}}
{"op_code": 7, "worker_id": "7ea34bfa-c4f1-4b00-adc2-ecc5915f7fb3-139930645514048", "trial_id": 0, "step": 0, "intermediate_value": 0.6994403600692749}
{"op_code": 7, "worker_id": "7ea34bfa-c4f1-4b00-adc2-ecc5915f7fb3-139930645514048", "trial_id": 0, "step": 1, "intermediate_value": 0.7248092889785767}
{"op_code": 7, "worker_id": "7ea34bfa-c4f1-4b00-adc2-ecc5915f7fb3-139930645514048", "trial_id": 0, "step": 2, "intermediate_value": 0.7343480587005615}
{"op_code": 7, "worker_id": "7ea34bfa-c4f1-4b00-adc2-ecc5915f7fb3-139930645514048", "trial_id": 0, "step": 3, "intermediate_value": 0.7373716831207275}
{"op_code": 7, "worker_id": "7ea34bfa-c4f1-4b00-adc2-ecc5915f7fb3-139930645514048", "trial_id": 0, "step": 4, "intermediate_value": 0.7305463552474976}
{"op_code": 7, "worker_id": "7ea34bfa-c4f1-4b00-adc2-ecc5915f7fb3-139930645514048", "trial_id": 0, "step": 5, "intermediate_value": 0.7237982749938965}
{"op_code": 7, "worker_id": "7ea34bfa-c4f1-4b00-adc2-ecc5915f7fb3-139930645514048", "trial_id": 0, "step": 6, "intermediate_value": 0.7188780307769775}
{"op_code": 7, "worker_id": "7ea34bfa-c4f1-4b00-adc2-ecc5915f7fb3-139930645514048", "trial_id": 0, "step": 7, "intermediate_value": 0.7075479626655579}
{"op_code": 7, "worker_id": "7ea34bfa-c4f1-4b00-adc2-ecc5915f7fb3-139930645514048", "trial_id": 0, "step": 8, "intermediate_value": 0.7132086753845215}
{"op_code": 7, "worker_id": "7ea34bfa-c4f1-4b00-adc2-ecc5915f7fb3-139930645514048", "trial_id": 0, "step": 9, "intermediate_value": 0.7088030576705933}
{"op_code": 7, "worker_id": "7ea34bfa-c4f1-4b00-adc2-ecc5915f7fb3-139930645514048", "trial_id": 0, "step": 10, "intermediate_value": 0.7009713649749756}
{"op_code": 7, "worker_id": "7ea34bfa-c4f1-4b00-adc2-ecc5915f7fb3-139930645514048", "trial_id": 0, "step": 11, "intermediate_value": 0.685510516166687}
{"op_code": 7, "worker_id": "7ea34bfa-c4f1-4b00-adc2-ecc5915f7fb3-139930645514048", "trial_id": 0, "step": 12, "intermediate_value": 0.689643144607544}
{"op_code": 7, "worker_id": "7ea34bfa-c4f1-4b00-adc2-ecc5915f7fb3-139930645514048", "trial_id": 0, "step": 13, "intermediate_value": 0.6827828884124756}
{"op_code": 7, "worker_id": "7ea34bfa-c4f1-4b00-adc2-ecc5915f7fb3-139930645514048", "trial_id": 0, "step": 14, "intermediate_value": 0.7373716831207275}
{"op_code": 6, "worker_id": "7ea34bfa-c4f1-4b00-adc2-ecc5915f7fb3-139930645514048", "trial_id": 0, "state": 1, "values": [0.7373716831207275], "datetime_complete": "2025-12-03T22:58:55.843795"}
{"op_code": 4, "worker_id": "7ea34bfa-c4f1-4b00-adc2-ecc5915f7fb3-139930645514048", "study_id": 0, "datetime_start": "2025-12-03T22:58:55.844776"}
{"op_code": 5, "worker_id": "7ea34bfa-c4f1-4b00-adc2-ecc5915f7fb3-139930645514048", "trial_id": 1, "param_name": "dataset.max_walk_length", "param_value_internal": 58.0, "distribution": "{\"name\": \"IntDistribution\", \"attributes\": {\"log\": false, \"step\": 1, \"low\": 10, \"high\": 100}}"}
{"op_code": 5, "worker_id": "7ea34bfa-c4f1-4b00-adc2-ecc5915f7fb3-139930645514048", "trial_id": 1, "param_name": "dataset.num_walks", "param_value_internal": 725510.0, "distribution": "{\"name\": \"IntDistribution\", \"attributes\": {\"log\": true, \"step\": 1, \"low\": 100000, \"high\": 5000000}}"}
{"op_code": 5, "worker_id": "7ea34bfa-c4f1-4b00-adc2-ecc5915f7fb3-139930645514048", "trial_id": 1, "param_name": "training.lr", "param_value_internal": 4.7783207439655175e-05, "distribution": "{\"name\": \"FloatDistribution\", \"attributes\": {\"step\": null, \"low\": 1e-05, \"high\": 0.1, \"log\": true}}"}
{"op_code": 5, "worker_id": "7ea34bfa-c4f1-4b00-adc2-ecc5915f7fb3-139930645514048", "trial_id": 1, "param_name": "training.weight_decay", "param_value_internal": 3.146098124115759e-06, "distribution": "{\"name\": \"FloatDistribution\", \"attributes\": {\"step\": null, \"low\": 1e-08, \"high\": 0.1, \"log\": true}}"}
{"op_code": 5, "worker_id": "7ea34bfa-c4f1-4b00-adc2-ecc5915f7fb3-139930645514048", "trial_id": 1, "param_name": "training.batch_size", "param_value_internal": 4, "distribution": "{\"name\": \"CategoricalDistribution\", \"attributes\": {\"choices\": [32, 64, 128, 256, 512]}}"}
{"op_code": 5, "worker_id": "7ea34bfa-c4f1-4b00-adc2-ecc5915f7fb3-139930645514048", "trial_id": 1, "param_name": "training.gradient_clip_val", "param_value_internal": 0.27874014485471343, "distribution": "{\"name\": \"FloatDistribution\", \"attributes\": {\"step\": null, \"low\": 0.1, \"high\": 2.0, \"log\": false}}"}
{"op_code": 5, "worker_id": "7ea34bfa-c4f1-4b00-adc2-ecc5915f7fb3-139930645514048", "trial_id": 1, "param_name": "training.early_stopping_patience", "param_value_internal": 18.0, "distribution": "{\"name\": \"IntDistribution\", \"attributes\": {\"log\": false, \"step\": 1, \"low\": 5, \"high\": 20}}"}
{"op_code": 5, "worker_id": "7ea34bfa-c4f1-4b00-adc2-ecc5915f7fb3-139930645514048", "trial_id": 1, "param_name": "model.nhead", "param_value_internal": 3, "distribution": "{\"name\": \"CategoricalDistribution\", \"attributes\": {\"choices\": [1, 2, 4, 8, 16]}}"}
{"op_code": 5, "worker_id": "7ea34bfa-c4f1-4b00-adc2-ecc5915f7fb3-139930645514048", "trial_id": 1, "param_name": "model.embedding_dim", "param_value_internal": 0, "distribution": "{\"name\": \"CategoricalDistribution\", \"attributes\": {\"choices\": [4, 8, 16, 32, 64, 128]}}"}
{"op_code": 6, "worker_id": "7ea34bfa-c4f1-4b00-adc2-ecc5915f7fb3-139930645514048", "trial_id": 1, "state": 2, "values": null, "datetime_complete": "2025-12-03T22:58:55.853005"}
{"op_code": 4, "worker_id": "7ea34bfa-c4f1-4b00-adc2-ecc5915f7fb3-139930645514048", "study_id": 0, "datetime_start": "2025-12-03T22:58:55.853534"}
{"op_code": 5, "worker_id": "7ea34bfa-c4f1-4b00-adc2-ecc5915f7fb3-139930645514048", "trial_id": 2, "param_name": "dataset.max_walk_length", "param_value_internal": 65.0, "distribution": "{\"name\": \"IntDistribution\", \"attributes\": {\"log\": false, \"step\": 1, \"low\": 10, \"high\": 100}}"}
{"op_code": 5, "worker_id": "7ea34bfa-c4f1-4b00-adc2-ecc5915f7fb3-139930645514048", "trial_id": 2, "param_name": "dataset.num_walks", "param_value_internal": 3282576.0, "distribution": "{\"name\": \"IntDistribution\", \"attributes\": {\"log\": true, \"step\": 1, \"low\": 100000, \"high\": 5000000}}"}
{"op_code": 5, "worker_id": "7ea34bfa-c4f1-4b00-adc2-ecc5915f7fb3-139930645514048", "trial_id": 2, "param_name": "training.lr", "param_value_internal": 0.015294157784851955, "distribution": "{\"name\": \"FloatDistribution\", \"attributes\": {\"step\": null, \"low\": 1e-05, \"high\": 0.1, \"log\": true}}"}
{"op_code": 5, "worker_id": "7ea34bfa-c4f1-4b00-adc2-ecc5915f7fb3-139930645514048", "trial_id": 2, "param_name": "training.weight_decay", "param_value_internal": 2.4174539123218715e-08, "distribution": "{\"name\": \"FloatDistribution\", \"attributes\": {\"step\": null, \"low\": 1e-08, \"high\": 0.1, \"log\": true}}"}
{"op_code": 5, "worker_id": "7ea34bfa-c4f1-4b00-adc2-ecc5915f7fb3-139930645514048", "trial_id": 2, "param_name": "training.batch_size", "param_value_internal": 1, "distribution": "{\"name\": \"CategoricalDistribution\", \"attributes\": {\"choices\": [32, 64, 128, 256, 512]}}"}
{"op_code": 5, "worker_id": "7ea34bfa-c4f1-4b00-adc2-ecc5915f7fb3-139930645514048", "trial_id": 2, "param_name": "training.gradient_clip_val", "param_value_internal": 0.11268783060232586, "distribution": "{\"name\": \"FloatDistribution\", \"attributes\": {\"step\": null, \"low\": 0.1, \"high\": 2.0, \"log\": false}}"}
{"op_code": 5, "worker_id": "7ea34bfa-c4f1-4b00-adc2-ecc5915f7fb3-139930645514048", "trial_id": 2, "param_name": "training.early_stopping_patience", "param_value_internal": 18.0, "distribution": "{\"name\": \"IntDistribution\", \"attributes\": {\"log\": false, \"step\": 1, \"low\": 5, \"high\": 20}}"}
{"op_code": 5, "worker_id": "7ea34bfa-c4f1-4b00-adc2-ecc5915f7fb3-139930645514048", "trial_id": 2, "param_name": "model.nhead", "param_value_internal": 1, "distribution": "{\"name\": \"CategoricalDistribution\", \"attributes\": {\"choices\": [1, 2, 4, 8, 16]}}"}
{"op_code": 5, "worker_id": "7ea34bfa-c4f1-4b00-adc2-ecc5915f7fb3-139930645514048", "trial_id": 2, "param_name": "model.embedding_dim", "param_value_internal": 1, "distribution": "{\"name\": \"CategoricalDistribution\", \"attributes\": {\"choices\": [4, 8, 16, 32, 64, 128]}}"}
{"op_code": 5, "worker_id": "7ea34bfa-c4f1-4b00-adc2-ecc5915f7fb3-139930645514048", "trial_id": 2, "param_name": "model.hidden_dim", "param_value_internal": 0, "distribution": "{\"name\": \"CategoricalDistribution\", \"attributes\": {\"choices\": [4, 8, 16, 32, 64, 128, 256]}}"}
{"op_code": 5, "worker_id": "7ea34bfa-c4f1-4b00-adc2-ecc5915f7fb3-139930645514048", "trial_id": 2, "param_name": "model.nlayers", "param_value_internal": 5.0, "distribution": "{\"name\": \"IntDistribution\", \"attributes\": {\"log\": false, \"step\": 1, \"low\": 1, \"high\": 6}}"}
{"op_code": 5, "worker_id": "7ea34bfa-c4f1-4b00-adc2-ecc5915f7fb3-139930645514048", "trial_id": 2, "param_name": "model.dropout", "param_value_internal": 0.6004975764587817, "distribution": "{\"name\": \"FloatDistribution\", \"attributes\": {\"step\": null, \"low\": 0.0, \"high\": 0.7, \"log\": false}}"}
{"op_code": 5, "worker_id": "7ea34bfa-c4f1-4b00-adc2-ecc5915f7fb3-139930645514048", "trial_id": 2, "param_name": "training.epochs", "param_value_internal": 18.0, "distribution": "{\"name\": \"IntDistribution\", \"attributes\": {\"log\": false, \"step\": 1, \"low\": 6, \"high\": 25}}"}
{"op_code": 8, "worker_id": "7ea34bfa-c4f1-4b00-adc2-ecc5915f7fb3-139930645514048", "trial_id": 2, "user_attr": {"seed": 44}}
