[INFO] Loading splits from /home/eng/shilo_avital/yolo_lab/walk_to_paint/baselines/splits_canonical/bitcoin-alpha.pt
[INFO] Graph: 3783 nodes, 28248 directed edges
[INFO] Unique edges — train=13077 val=519 test=528
[INFO] Training CopulaLSP on bitcoin-alpha (seed=42, device=cuda)
Epoch    0 | Loss  -2.7588 | Auc   0.6031 | Macro F1   0.4371 ----> New Best
Epoch    3 | Loss  -3.2026 | Auc   0.7169 | Macro F1   0.4550 ----> New Best
Epoch    6 | Loss  -3.3035 | Auc   0.7835 | Macro F1   0.5188 ----> New Best
Epoch    9 | Loss  -3.3648 | Auc   0.7884 | Macro F1   0.5339 ----> New Best
Epoch   12 | Loss  -3.4585 | Auc   0.8178 | Macro F1   0.5769 ----> New Best
Epoch   15 | Loss  -3.5235 | Auc   0.8108 | Macro F1   0.6417
Epoch   18 | Loss  -3.6011 | Auc   0.8290 | Macro F1   0.6340 ----> New Best
Epoch   21 | Loss  -3.6659 | Auc   0.8328 | Macro F1   0.6635 ----> New Best
Epoch   24 | Loss  -3.7327 | Auc   0.8312 | Macro F1   0.6379
Epoch   27 | Loss  -3.7955 | Auc   0.8371 | Macro F1   0.6701 ----> New Best
Epoch   30 | Loss  -3.8554 | Auc   0.8309 | Macro F1   0.6630
Epoch   33 | Loss  -3.9039 | Auc   0.8375 | Macro F1   0.6913 ----> New Best
Epoch   36 | Loss  -3.9581 | Auc   0.8257 | Macro F1   0.6804
Epoch   39 | Loss  -4.0113 | Auc   0.8404 | Macro F1   0.7089 ----> New Best
Epoch   42 | Loss  -4.0674 | Auc   0.8312 | Macro F1   0.6921
Epoch   45 | Loss  -4.1003 | Auc   0.8423 | Macro F1   0.7204 ----> New Best
Epoch   48 | Loss  -4.1453 | Auc   0.8263 | Macro F1   0.6901
Epoch   51 | Loss  -4.1637 | Auc   0.8427 | Macro F1   0.6955
Epoch   54 | Loss  -4.2129 | Auc   0.8323 | Macro F1   0.7093
Epoch   57 | Loss  -4.2497 | Auc   0.8383 | Macro F1   0.6853
Epoch   60 | Loss  -4.2812 | Auc   0.8423 | Macro F1   0.7293
Epoch   63 | Loss  -4.3186 | Auc   0.8383 | Macro F1   0.6861
Epoch   66 | Loss  -4.3404 | Auc   0.8450 | Macro F1   0.7315 ----> New Best
Epoch   69 | Loss  -4.3651 | Auc   0.8312 | Macro F1   0.6935
Epoch   72 | Loss  -4.3234 | Auc   0.8461 | Macro F1   0.7295
Epoch   75 | Loss  -4.3843 | Auc   0.8348 | Macro F1   0.7114
Epoch   78 | Loss  -4.4393 | Auc   0.8434 | Macro F1   0.7118
Epoch   81 | Loss  -4.4629 | Auc   0.8436 | Macro F1   0.7139
Epoch   84 | Loss  -4.4850 | Auc   0.8414 | Macro F1   0.7048
Epoch   87 | Loss  -4.5063 | Auc   0.8435 | Macro F1   0.7118
Epoch   90 | Loss  -4.5244 | Auc   0.8384 | Macro F1   0.6987
Epoch   93 | Loss  -4.4729 | Auc   0.8407 | Macro F1   0.7249
Epoch   96 | Loss  -4.5385 | Auc   0.8430 | Macro F1   0.6881
Epoch   99 | Loss  -4.5794 | Auc   0.8456 | Macro F1   0.7114
Epoch  102 | Loss  -4.5995 | Auc   0.8445 | Macro F1   0.7048
Epoch  105 | Loss  -4.6170 | Auc   0.8408 | Macro F1   0.7002
Epoch  108 | Loss  -4.5850 | Auc   0.8465 | Macro F1   0.7359 ----> New Best
Epoch  111 | Loss  -4.5042 | Auc   0.8278 | Macro F1   0.6928
Epoch  114 | Loss  -4.6544 | Auc   0.8441 | Macro F1   0.7114
Epoch  117 | Loss  -4.6748 | Auc   0.8447 | Macro F1   0.7068
Epoch  120 | Loss  -4.6927 | Auc   0.8434 | Macro F1   0.7156
Epoch  123 | Loss  -4.7099 | Auc   0.8448 | Macro F1   0.7089
Epoch  126 | Loss  -4.7268 | Auc   0.8436 | Macro F1   0.7156
Epoch  129 | Loss  -4.7438 | Auc   0.8420 | Macro F1   0.7089
Epoch  132 | Loss  -4.7606 | Auc   0.8413 | Macro F1   0.7156
Epoch  135 | Loss  -4.7763 | Auc   0.8434 | Macro F1   0.6996
Epoch  138 | Loss  -4.7790 | Auc   0.8419 | Macro F1   0.7135
Epoch  141 | Loss  -4.7828 | Auc   0.8414 | Macro F1   0.6949
Epoch  144 | Loss  -4.8061 | Auc   0.8400 | Macro F1   0.6996
Epoch  147 | Loss  -4.8188 | Auc   0.8478 | Macro F1   0.7336
Epoch  150 | Loss  -4.8069 | Auc   0.8234 | Macro F1   0.6765
Epoch  153 | Loss  -4.6001 | Auc   0.8495 | Macro F1   0.7293
Epoch  156 | Loss  -4.8223 | Auc   0.8370 | Macro F1   0.7043
Epoch  159 | Loss  -4.8801 | Auc   0.8443 | Macro F1   0.7058
Epoch  162 | Loss  -4.8961 | Auc   0.8428 | Macro F1   0.7152
Epoch  165 | Loss  -4.9102 | Auc   0.8447 | Macro F1   0.6990
Epoch  168 | Loss  -4.9230 | Auc   0.8409 | Macro F1   0.6990
Epoch  171 | Loss  -4.9373 | Auc   0.8429 | Macro F1   0.7037
Epoch  174 | Loss  -4.9507 | Auc   0.8428 | Macro F1   0.7084
Epoch  177 | Loss  -4.9634 | Auc   0.8441 | Macro F1   0.6913
Epoch  180 | Loss  -4.9712 | Auc   0.8435 | Macro F1   0.7089
Epoch  183 | Loss  -4.9645 | Auc   0.8372 | Macro F1   0.6873
Epoch  186 | Loss  -4.8167 | Auc   0.8363 | Macro F1   0.7247
Epoch  189 | Loss  -4.9938 | Auc   0.8442 | Macro F1   0.6913
Epoch  192 | Loss  -5.0206 | Auc   0.8421 | Macro F1   0.6962
Epoch  195 | Loss  -5.0335 | Auc   0.8431 | Macro F1   0.6962
Epoch  198 | Loss  -5.0451 | Auc   0.8432 | Macro F1   0.6990

┌─────────────┬───────────────────────────┐
│ Conf Matrix │          Predict          │
├─────────────┼─────────────┬─────────────┤
│    Label    │     NEG     │     POS     │
├─────────────┼─────────────┼─────────────┤
│     NEG     │ TN:      55 │ FP:      54 │
├─────────────┼─────────────┼─────────────┤
│     POS     │ FN:      20 │ TP:     399 │
└─────────────┴─────────────┴─────────────┘

F1 Pos  : 0.9151
F1 Neg  : 0.5978
Macro F1: 0.7565

=== RESULTS: CopulaLSP on bitcoin-alpha (seed=42) ===
  Best epoch : 108
  Val AUC    : 0.8465
  Test AUC   : 0.8818
  Test macro_f1: 0.7565
  Saved → results_our_splits_canonical/bitcoin-alpha/CopulaLSP/seed42/score.csv
