/home/eng/shilo_avital/yolo_lab/walk_to_paint/baselines/SE-SGformer/run_with_our_splits.py:66: FutureWarning: You are using `torch.load` with `weights_only=False` (the current default value), which uses the default pickle module implicitly. It is possible to construct malicious pickle data which will execute arbitrary code during unpickling (See https://github.com/pytorch/pytorch/blob/main/SECURITY.md#untrusted-models for more details). In a future release, the default value for `weights_only` will be flipped to `True`. This limits the functions that could be executed during unpickling. Arbitrary objects will no longer be allowed to be loaded via this mode unless they are explicitly allowlisted by the user via `torch.serialization.add_safe_globals`. We recommend you start setting `weights_only=True` for any use case where you don't have full control of the loaded file. Please open an issue on GitHub for any issues related to this experimental feature.
  splits = torch.load(splits_path)
/home/eng/shilo_avital/yolo_lab/walk_to_paint/baselines/SE-SGformer/model.py:145: FutureWarning: You are using `torch.load` with `weights_only=False` (the current default value), which uses the default pickle module implicitly. It is possible to construct malicious pickle data which will execute arbitrary code during unpickling (See https://github.com/pytorch/pytorch/blob/main/SECURITY.md#untrusted-models for more details). In a future release, the default value for `weights_only` will be flipped to `True`. This limits the functions that could be executed during unpickling. Arbitrary objects will no longer be allowed to be loaded via this mode unless they are explicitly allowlisted by the user via `torch.serialization.add_safe_globals`. We recommend you start setting `weights_only=True` for any use case where you don't have full control of the loaded file. Please open an issue on GitHub for any issues related to this experimental feature.
  feature = torch.load(feature_file).to(device)
/home/eng/shilo_avital/yolo_lab/walk_to_paint/baselines/SE-SGformer/model.py:145: FutureWarning: You are using `torch.load` with `weights_only=False` (the current default value), which uses the default pickle module implicitly. It is possible to construct malicious pickle data which will execute arbitrary code during unpickling (See https://github.com/pytorch/pytorch/blob/main/SECURITY.md#untrusted-models for more details). In a future release, the default value for `weights_only` will be flipped to `True`. This limits the functions that could be executed during unpickling. Arbitrary objects will no longer be allowed to be loaded via this mode unless they are explicitly allowlisted by the user via `torch.serialization.add_safe_globals`. We recommend you start setting `weights_only=True` for any use case where you don't have full control of the loaded file. Please open an issue on GitHub for any issues related to this experimental feature.
  feature = torch.load(feature_file).to(device)
/home/eng/shilo_avital/yolo_lab/walk_to_paint/baselines/SE-SGformer/model.py:145: FutureWarning: You are using `torch.load` with `weights_only=False` (the current default value), which uses the default pickle module implicitly. It is possible to construct malicious pickle data which will execute arbitrary code during unpickling (See https://github.com/pytorch/pytorch/blob/main/SECURITY.md#untrusted-models for more details). In a future release, the default value for `weights_only` will be flipped to `True`. This limits the functions that could be executed during unpickling. Arbitrary objects will no longer be allowed to be loaded via this mode unless they are explicitly allowlisted by the user via `torch.serialization.add_safe_globals`. We recommend you start setting `weights_only=True` for any use case where you don't have full control of the loaded file. Please open an issue on GitHub for any issues related to this experimental feature.
  feature = torch.load(feature_file).to(device)
/home/eng/shilo_avital/yolo_lab/walk_to_paint/baselines/SE-SGformer/model.py:145: FutureWarning: You are using `torch.load` with `weights_only=False` (the current default value), which uses the default pickle module implicitly. It is possible to construct malicious pickle data which will execute arbitrary code during unpickling (See https://github.com/pytorch/pytorch/blob/main/SECURITY.md#untrusted-models for more details). In a future release, the default value for `weights_only` will be flipped to `True`. This limits the functions that could be executed during unpickling. Arbitrary objects will no longer be allowed to be loaded via this mode unless they are explicitly allowlisted by the user via `torch.serialization.add_safe_globals`. We recommend you start setting `weights_only=True` for any use case where you don't have full control of the loaded file. Please open an issue on GitHub for any issues related to this experimental feature.
  feature = torch.load(feature_file).to(device)
/home/eng/shilo_avital/yolo_lab/walk_to_paint/baselines/SE-SGformer/model.py:145: FutureWarning: You are using `torch.load` with `weights_only=False` (the current default value), which uses the default pickle module implicitly. It is possible to construct malicious pickle data which will execute arbitrary code during unpickling (See https://github.com/pytorch/pytorch/blob/main/SECURITY.md#untrusted-models for more details). In a future release, the default value for `weights_only` will be flipped to `True`. This limits the functions that could be executed during unpickling. Arbitrary objects will no longer be allowed to be loaded via this mode unless they are explicitly allowlisted by the user via `torch.serialization.add_safe_globals`. We recommend you start setting `weights_only=True` for any use case where you don't have full control of the loaded file. Please open an issue on GitHub for any issues related to this experimental feature.
  feature = torch.load(feature_file).to(device)
/home/eng/shilo_avital/yolo_lab/walk_to_paint/baselines/SE-SGformer/model.py:145: FutureWarning: You are using `torch.load` with `weights_only=False` (the current default value), which uses the default pickle module implicitly. It is possible to construct malicious pickle data which will execute arbitrary code during unpickling (See https://github.com/pytorch/pytorch/blob/main/SECURITY.md#untrusted-models for more details). In a future release, the default value for `weights_only` will be flipped to `True`. This limits the functions that could be executed during unpickling. Arbitrary objects will no longer be allowed to be loaded via this mode unless they are explicitly allowlisted by the user via `torch.serialization.add_safe_globals`. We recommend you start setting `weights_only=True` for any use case where you don't have full control of the loaded file. Please open an issue on GitHub for any issues related to this experimental feature.
  feature = torch.load(feature_file).to(device)
/home/eng/shilo_avital/yolo_lab/walk_to_paint/baselines/SE-SGformer/model.py:145: FutureWarning: You are using `torch.load` with `weights_only=False` (the current default value), which uses the default pickle module implicitly. It is possible to construct malicious pickle data which will execute arbitrary code during unpickling (See https://github.com/pytorch/pytorch/blob/main/SECURITY.md#untrusted-models for more details). In a future release, the default value for `weights_only` will be flipped to `True`. This limits the functions that could be executed during unpickling. Arbitrary objects will no longer be allowed to be loaded via this mode unless they are explicitly allowlisted by the user via `torch.serialization.add_safe_globals`. We recommend you start setting `weights_only=True` for any use case where you don't have full control of the loaded file. Please open an issue on GitHub for any issues related to this experimental feature.
  feature = torch.load(feature_file).to(device)
/home/eng/shilo_avital/yolo_lab/walk_to_paint/baselines/SE-SGformer/model.py:145: FutureWarning: You are using `torch.load` with `weights_only=False` (the current default value), which uses the default pickle module implicitly. It is possible to construct malicious pickle data which will execute arbitrary code during unpickling (See https://github.com/pytorch/pytorch/blob/main/SECURITY.md#untrusted-models for more details). In a future release, the default value for `weights_only` will be flipped to `True`. This limits the functions that could be executed during unpickling. Arbitrary objects will no longer be allowed to be loaded via this mode unless they are explicitly allowlisted by the user via `torch.serialization.add_safe_globals`. We recommend you start setting `weights_only=True` for any use case where you don't have full control of the loaded file. Please open an issue on GitHub for any issues related to this experimental feature.
  feature = torch.load(feature_file).to(device)
/home/eng/shilo_avital/yolo_lab/walk_to_paint/baselines/SE-SGformer/model.py:145: FutureWarning: You are using `torch.load` with `weights_only=False` (the current default value), which uses the default pickle module implicitly. It is possible to construct malicious pickle data which will execute arbitrary code during unpickling (See https://github.com/pytorch/pytorch/blob/main/SECURITY.md#untrusted-models for more details). In a future release, the default value for `weights_only` will be flipped to `True`. This limits the functions that could be executed during unpickling. Arbitrary objects will no longer be allowed to be loaded via this mode unless they are explicitly allowlisted by the user via `torch.serialization.add_safe_globals`. We recommend you start setting `weights_only=True` for any use case where you don't have full control of the loaded file. Please open an issue on GitHub for any issues related to this experimental feature.
  feature = torch.load(feature_file).to(device)
/home/eng/shilo_avital/yolo_lab/walk_to_paint/baselines/SE-SGformer/model.py:145: FutureWarning: You are using `torch.load` with `weights_only=False` (the current default value), which uses the default pickle module implicitly. It is possible to construct malicious pickle data which will execute arbitrary code during unpickling (See https://github.com/pytorch/pytorch/blob/main/SECURITY.md#untrusted-models for more details). In a future release, the default value for `weights_only` will be flipped to `True`. This limits the functions that could be executed during unpickling. Arbitrary objects will no longer be allowed to be loaded via this mode unless they are explicitly allowlisted by the user via `torch.serialization.add_safe_globals`. We recommend you start setting `weights_only=True` for any use case where you don't have full control of the loaded file. Please open an issue on GitHub for any issues related to this experimental feature.
  feature = torch.load(feature_file).to(device)
/home/eng/shilo_avital/yolo_lab/walk_to_paint/baselines/SE-SGformer/model.py:145: FutureWarning: You are using `torch.load` with `weights_only=False` (the current default value), which uses the default pickle module implicitly. It is possible to construct malicious pickle data which will execute arbitrary code during unpickling (See https://github.com/pytorch/pytorch/blob/main/SECURITY.md#untrusted-models for more details). In a future release, the default value for `weights_only` will be flipped to `True`. This limits the functions that could be executed during unpickling. Arbitrary objects will no longer be allowed to be loaded via this mode unless they are explicitly allowlisted by the user via `torch.serialization.add_safe_globals`. We recommend you start setting `weights_only=True` for any use case where you don't have full control of the loaded file. Please open an issue on GitHub for any issues related to this experimental feature.
  feature = torch.load(feature_file).to(device)
/home/eng/shilo_avital/yolo_lab/walk_to_paint/baselines/SE-SGformer/run_with_our_splits.py:156: FutureWarning: DataFrame.applymap has been deprecated. Use DataFrame.map instead.
  df = df.applymap(lambda x: x.strip() if isinstance(x, str) else x)
/home/eng/shilo_avital/yolo_lab/walk_to_paint/baselines/SE-SGformer/run_with_our_splits.py:156: FutureWarning: DataFrame.applymap has been deprecated. Use DataFrame.map instead.
  df = df.applymap(lambda x: x.strip() if isinstance(x, str) else x)
/home/eng/shilo_avital/yolo_lab/walk_to_paint/baselines/SE-SGformer/run_with_our_splits.py:217: FutureWarning: You are using `torch.load` with `weights_only=False` (the current default value), which uses the default pickle module implicitly. It is possible to construct malicious pickle data which will execute arbitrary code during unpickling (See https://github.com/pytorch/pytorch/blob/main/SECURITY.md#untrusted-models for more details). In a future release, the default value for `weights_only` will be flipped to `True`. This limits the functions that could be executed during unpickling. Arbitrary objects will no longer be allowed to be loaded via this mode unless they are explicitly allowlisted by the user via `torch.serialization.add_safe_globals`. We recommend you start setting `weights_only=True` for any use case where you don't have full control of the loaded file. Please open an issue on GitHub for any issues related to this experimental feature.
  z_final = torch.load(embedding_path).to(DEVICE)
[INFO] Loading splits from /home/eng/shilo_avital/yolo_lab/walk_to_paint/baselines/splits_canonical/bitcoin-alpha.pt
[INFO] bitcoin-alpha: 3783 nodes, 21767 train edges, 2419 test edges
[INFO] Training SE-SGformer on bitcoin-alpha for 2000 epochs ...
  Epoch 0000 | Loss 269.9066 | Test AUC 0.5706 | F1 0.8180
  Epoch 0200 | Loss 1.1584 | Test AUC 0.7112 | F1 0.8323
  Epoch 0400 | Loss 1.0242 | Test AUC 0.7457 | F1 0.8371
  Epoch 0600 | Loss 0.9264 | Test AUC 0.7677 | F1 0.8657
  Epoch 0800 | Loss 0.8403 | Test AUC 0.7710 | F1 0.8659
  Epoch 1000 | Loss 0.7881 | Test AUC 0.7822 | F1 0.8800
  Epoch 1200 | Loss 0.7677 | Test AUC 0.7033 | F1 0.6618
  Epoch 1400 | Loss 0.7006 | Test AUC 0.8017 | F1 0.9178
  Epoch 1600 | Loss 0.6795 | Test AUC 0.7953 | F1 0.8959
  Epoch 1800 | Loss 0.6549 | Test AUC 0.7915 | F1 0.8801
[INFO] Encoder training done in 660s
[INFO] Running KNN discriminator ...

=== RESULTS: SE-SGformer on bitcoin-alpha (seed=42) ===
  Test AUC      : 0.6889
  Test F1 (bin) : 0.9452
  Test Macro F1 : 0.6532
  Test Acc      : 0.8991
  Saved → results_our_splits_canonical/bitcoin-alpha/SE-SGformer/seed42/score.csv
