[INFO] Loading splits from /home/eng/shilo_avital/yolo_lab/walk_to_paint/baselines/splits_canonical/bitcoin-alpha.pt
[INFO] Graph: 3783 nodes, 28248 directed edges
[INFO] Unique edges — train=13077 val=519 test=528
[INFO] Training SNEA on bitcoin-alpha (seed=42, device=cuda)
Epoch    0 | Loss   4.4644 | Auc   0.7311 | Macro F1   0.5329 ----> New Best
Epoch    3 | Loss   2.2139 | Auc   0.7331 | Macro F1   0.5560 ----> New Best
Epoch    6 | Loss   1.7403 | Auc   0.7399 | Macro F1   0.5761 ----> New Best
Epoch    9 | Loss   1.5789 | Auc   0.7476 | Macro F1   0.5736
Epoch   12 | Loss   1.4640 | Auc   0.7530 | Macro F1   0.5889 ----> New Best
Epoch   15 | Loss   1.4033 | Auc   0.7577 | Macro F1   0.5939 ----> New Best
Epoch   18 | Loss   1.3464 | Auc   0.7623 | Macro F1   0.6078 ----> New Best
Epoch   21 | Loss   1.3007 | Auc   0.7639 | Macro F1   0.6118 ----> New Best
Epoch   24 | Loss   1.2750 | Auc   0.7682 | Macro F1   0.6165 ----> New Best
Epoch   27 | Loss   1.2508 | Auc   0.7695 | Macro F1   0.6141
Epoch   30 | Loss   1.2480 | Auc   0.7729 | Macro F1   0.6179 ----> New Best
Epoch   33 | Loss   1.2382 | Auc   0.7763 | Macro F1   0.6179 ----> New Best
Epoch   36 | Loss   1.2230 | Auc   0.7777 | Macro F1   0.6208 ----> New Best
Epoch   39 | Loss   1.2078 | Auc   0.7824 | Macro F1   0.6289 ----> New Best
Epoch   42 | Loss   1.1964 | Auc   0.7839 | Macro F1   0.6272
Epoch   45 | Loss   1.1962 | Auc   0.7864 | Macro F1   0.6229
Epoch   48 | Loss   1.1892 | Auc   0.7865 | Macro F1   0.6272
Epoch   51 | Loss   1.1738 | Auc   0.7880 | Macro F1   0.6272
Epoch   54 | Loss   1.1666 | Auc   0.7906 | Macro F1   0.6333 ----> New Best
Epoch   57 | Loss   1.1606 | Auc   0.7934 | Macro F1   0.6374 ----> New Best
Epoch   60 | Loss   1.1539 | Auc   0.7984 | Macro F1   0.6324
Epoch   63 | Loss   1.1578 | Auc   0.7999 | Macro F1   0.6366
Epoch   66 | Loss   1.1491 | Auc   0.8025 | Macro F1   0.6358
Epoch   69 | Loss   1.1388 | Auc   0.8024 | Macro F1   0.6341
Epoch   72 | Loss   1.1410 | Auc   0.8092 | Macro F1   0.6358
Epoch   75 | Loss   1.1446 | Auc   0.8110 | Macro F1   0.6399 ----> New Best
Epoch   78 | Loss   1.1277 | Auc   0.8128 | Macro F1   0.6399 ----> New Best
Epoch   81 | Loss   1.1288 | Auc   0.8148 | Macro F1   0.6390
Epoch   84 | Loss   1.1229 | Auc   0.8173 | Macro F1   0.6422 ----> New Best
Epoch   87 | Loss   1.1246 | Auc   0.8184 | Macro F1   0.6414
Epoch   90 | Loss   1.1168 | Auc   0.8186 | Macro F1   0.6414
Epoch   93 | Loss   1.1195 | Auc   0.8201 | Macro F1   0.6454 ----> New Best
Epoch   96 | Loss   1.1056 | Auc   0.8196 | Macro F1   0.6454
Epoch   99 | Loss   1.1115 | Auc   0.8254 | Macro F1   0.6533 ----> New Best
Epoch  102 | Loss   1.1118 | Auc   0.8248 | Macro F1   0.6502
Epoch  105 | Loss   1.1030 | Auc   0.8248 | Macro F1   0.6601
Epoch  108 | Loss   1.1032 | Auc   0.8294 | Macro F1   0.6580 ----> New Best
Epoch  111 | Loss   1.0941 | Auc   0.8289 | Macro F1   0.6550
Epoch  114 | Loss   1.0972 | Auc   0.8329 | Macro F1   0.6610 ----> New Best
Epoch  117 | Loss   1.0992 | Auc   0.8313 | Macro F1   0.6554
Epoch  120 | Loss   1.0939 | Auc   0.8331 | Macro F1   0.6592
Epoch  123 | Loss   1.0882 | Auc   0.8350 | Macro F1   0.6601
Epoch  126 | Loss   1.0891 | Auc   0.8382 | Macro F1   0.6610 ----> New Best
Epoch  129 | Loss   1.0874 | Auc   0.8386 | Macro F1   0.6592
Epoch  132 | Loss   1.0888 | Auc   0.8395 | Macro F1   0.6601
Epoch  135 | Loss   1.0845 | Auc   0.8359 | Macro F1   0.6601
Epoch  138 | Loss   1.0774 | Auc   0.8329 | Macro F1   0.6639
Epoch  141 | Loss   1.0722 | Auc   0.8365 | Macro F1   0.6639
Epoch  144 | Loss   1.0740 | Auc   0.8386 | Macro F1   0.6676 ----> New Best
Epoch  147 | Loss   1.0731 | Auc   0.8395 | Macro F1   0.6751 ----> New Best
Epoch  150 | Loss   1.0650 | Auc   0.8399 | Macro F1   0.6714
Epoch  153 | Loss   1.0667 | Auc   0.8420 | Macro F1   0.6676
Epoch  156 | Loss   1.0641 | Auc   0.8424 | Macro F1   0.6788 ----> New Best
Epoch  159 | Loss   1.0647 | Auc   0.8421 | Macro F1   0.6788
Epoch  162 | Loss   1.0640 | Auc   0.8406 | Macro F1   0.6788
Epoch  165 | Loss   1.0597 | Auc   0.8401 | Macro F1   0.6695
Epoch  168 | Loss   1.0576 | Auc   0.8407 | Macro F1   0.6741
Epoch  171 | Loss   1.0591 | Auc   0.8448 | Macro F1   0.6814 ----> New Best
Epoch  174 | Loss   1.0480 | Auc   0.8427 | Macro F1   0.6850
Epoch  177 | Loss   1.0569 | Auc   0.8454 | Macro F1   0.6814 ----> New Best
Epoch  180 | Loss   1.0554 | Auc   0.8468 | Macro F1   0.6814 ----> New Best
Epoch  183 | Loss   1.0469 | Auc   0.8445 | Macro F1   0.6805
Epoch  186 | Loss   1.0452 | Auc   0.8454 | Macro F1   0.6860
Epoch  189 | Loss   1.0490 | Auc   0.8426 | Macro F1   0.6886
Epoch  192 | Loss   1.0438 | Auc   0.8421 | Macro F1   0.6840
Epoch  195 | Loss   1.0443 | Auc   0.8440 | Macro F1   0.6886
Epoch  198 | Loss   1.0409 | Auc   0.8448 | Macro F1   0.6850
Epoch  201 | Loss   1.0386 | Auc   0.8459 | Macro F1   0.6921
Epoch  204 | Loss   1.0415 | Auc   0.8473 | Macro F1   0.6911 ----> New Best
Epoch  207 | Loss   1.0360 | Auc   0.8494 | Macro F1   0.6896
Epoch  210 | Loss   1.0360 | Auc   0.8447 | Macro F1   0.6991
Epoch  213 | Loss   1.0378 | Auc   0.8482 | Macro F1   0.6921 ----> New Best
Epoch  216 | Loss   1.0372 | Auc   0.8479 | Macro F1   0.6906
Epoch  219 | Loss   1.0325 | Auc   0.8518 | Macro F1   0.6956 ----> New Best
Epoch  222 | Loss   1.0369 | Auc   0.8509 | Macro F1   0.7026
Epoch  225 | Loss   1.0382 | Auc   0.8521 | Macro F1   0.6967 ----> New Best
Epoch  228 | Loss   1.0284 | Auc   0.8547 | Macro F1   0.6967 ----> New Best
Epoch  231 | Loss   1.0311 | Auc   0.8513 | Macro F1   0.7026
Epoch  234 | Loss   1.0273 | Auc   0.8504 | Macro F1   0.7026
Epoch  237 | Loss   1.0239 | Auc   0.8476 | Macro F1   0.7026
Epoch  240 | Loss   1.0261 | Auc   0.8522 | Macro F1   0.6977
Epoch  243 | Loss   1.0267 | Auc   0.8490 | Macro F1   0.7036
Epoch  246 | Loss   1.0211 | Auc   0.8523 | Macro F1   0.6956
Epoch  249 | Loss   1.0175 | Auc   0.8522 | Macro F1   0.7047
Epoch  252 | Loss   1.0260 | Auc   0.8543 | Macro F1   0.6967
Epoch  255 | Loss   1.0165 | Auc   0.8509 | Macro F1   0.7026
Epoch  258 | Loss   1.0182 | Auc   0.8517 | Macro F1   0.7012
Epoch  261 | Loss   1.0190 | Auc   0.8575 | Macro F1   0.6977 ----> New Best
Epoch  264 | Loss   1.0100 | Auc   0.8533 | Macro F1   0.7047
Epoch  267 | Loss   1.0147 | Auc   0.8524 | Macro F1   0.7081
Epoch  270 | Loss   1.0081 | Auc   0.8543 | Macro F1   0.7081
Epoch  273 | Loss   1.0165 | Auc   0.8554 | Macro F1   0.7002
Epoch  276 | Loss   1.0113 | Auc   0.8546 | Macro F1   0.7070
Epoch  279 | Loss   1.0155 | Auc   0.8576 | Macro F1   0.6977 ----> New Best
Epoch  282 | Loss   1.0054 | Auc   0.8565 | Macro F1   0.7026
Epoch  285 | Loss   1.0242 | Auc   0.8551 | Macro F1   0.7094
Epoch  288 | Loss   1.0002 | Auc   0.8589 | Macro F1   0.7083 ----> New Best
Epoch  291 | Loss   1.0110 | Auc   0.8595 | Macro F1   0.7070
Epoch  294 | Loss   0.9989 | Auc   0.8573 | Macro F1   0.7105
Epoch  297 | Loss   0.9988 | Auc   0.8593 | Macro F1   0.7026
Epoch  300 | Loss   1.0032 | Auc   0.8557 | Macro F1   0.7094
Epoch  303 | Loss   1.0094 | Auc   0.8570 | Macro F1   0.6981
Epoch  306 | Loss   1.0014 | Auc   0.8545 | Macro F1   0.7083
Epoch  309 | Loss   0.9963 | Auc   0.8576 | Macro F1   0.7005
Epoch  312 | Loss   1.0021 | Auc   0.8568 | Macro F1   0.6981
Epoch  315 | Loss   0.9989 | Auc   0.8581 | Macro F1   0.6971
Epoch  318 | Loss   0.9904 | Auc   0.8578 | Macro F1   0.7073
Epoch  321 | Loss   0.9949 | Auc   0.8584 | Macro F1   0.6995
Epoch  324 | Loss   0.9962 | Auc   0.8596 | Macro F1   0.7039
Epoch  327 | Loss   0.9949 | Auc   0.8607 | Macro F1   0.7029
Epoch  330 | Loss   0.9924 | Auc   0.8614 | Macro F1   0.7096 ----> New Best
Epoch  333 | Loss   0.9904 | Auc   0.8618 | Macro F1   0.7063
Epoch  336 | Loss   0.9945 | Auc   0.8581 | Macro F1   0.7063
Epoch  339 | Loss   0.9957 | Auc   0.8596 | Macro F1   0.7063
Epoch  342 | Loss   0.9903 | Auc   0.8584 | Macro F1   0.7096
Epoch  345 | Loss   0.9879 | Auc   0.8586 | Macro F1   0.7096
Epoch  348 | Loss   0.9909 | Auc   0.8596 | Macro F1   0.7096
Epoch  351 | Loss   0.9845 | Auc   0.8595 | Macro F1   0.7039
Epoch  354 | Loss   0.9974 | Auc   0.8582 | Macro F1   0.7106
Epoch  357 | Loss   0.9902 | Auc   0.8618 | Macro F1   0.7015
Epoch  360 | Loss   0.9849 | Auc   0.8619 | Macro F1   0.7063
Epoch  363 | Loss   0.9848 | Auc   0.8609 | Macro F1   0.7073
Epoch  366 | Loss   0.9875 | Auc   0.8628 | Macro F1   0.7083
Epoch  369 | Loss   0.9788 | Auc   0.8606 | Macro F1   0.7086
Epoch  372 | Loss   0.9776 | Auc   0.8602 | Macro F1   0.7096
Epoch  375 | Loss   0.9798 | Auc   0.8602 | Macro F1   0.7086
Epoch  378 | Loss   0.9819 | Auc   0.8608 | Macro F1   0.7073
Epoch  381 | Loss   0.9835 | Auc   0.8632 | Macro F1   0.7083
Epoch  384 | Loss   0.9829 | Auc   0.8603 | Macro F1   0.7096
Epoch  387 | Loss   0.9729 | Auc   0.8622 | Macro F1   0.7129 ----> New Best
Epoch  390 | Loss   0.9738 | Auc   0.8627 | Macro F1   0.7096
Epoch  393 | Loss   0.9758 | Auc   0.8588 | Macro F1   0.7184
Epoch  396 | Loss   0.9784 | Auc   0.8609 | Macro F1   0.7117
Epoch  399 | Loss   0.9789 | Auc   0.8611 | Macro F1   0.7094
Epoch  402 | Loss   0.9723 | Auc   0.8623 | Macro F1   0.7106
Epoch  405 | Loss   0.9714 | Auc   0.8625 | Macro F1   0.7106
Epoch  408 | Loss   0.9708 | Auc   0.8619 | Macro F1   0.7073
Epoch  411 | Loss   0.9674 | Auc   0.8603 | Macro F1   0.7162
Epoch  414 | Loss   0.9668 | Auc   0.8619 | Macro F1   0.7162
Epoch  417 | Loss   0.9677 | Auc   0.8643 | Macro F1   0.7129 ----> New Best
Epoch  420 | Loss   0.9736 | Auc   0.8634 | Macro F1   0.7173
Epoch  423 | Loss   0.9694 | Auc   0.8651 | Macro F1   0.7216 ----> New Best
Epoch  426 | Loss   0.9755 | Auc   0.8618 | Macro F1   0.7195
Epoch  429 | Loss   0.9700 | Auc   0.8626 | Macro F1   0.7216
Epoch  432 | Loss   0.9689 | Auc   0.8625 | Macro F1   0.7150
Epoch  435 | Loss   0.9633 | Auc   0.8625 | Macro F1   0.7205
Epoch  438 | Loss   0.9636 | Auc   0.8631 | Macro F1   0.7151
Epoch  441 | Loss   0.9702 | Auc   0.8637 | Macro F1   0.7183
Epoch  444 | Loss   0.9653 | Auc   0.8651 | Macro F1   0.7238 ----> New Best
Epoch  447 | Loss   0.9613 | Auc   0.8642 | Macro F1   0.7205
Epoch  450 | Loss   0.9682 | Auc   0.8664 | Macro F1   0.7249 ----> New Best
Epoch  453 | Loss   0.9721 | Auc   0.8662 | Macro F1   0.7194
Epoch  456 | Loss   0.9548 | Auc   0.8666 | Macro F1   0.7173
Epoch  459 | Loss   0.9636 | Auc   0.8657 | Macro F1   0.7227
Epoch  462 | Loss   0.9550 | Auc   0.8663 | Macro F1   0.7205
Epoch  465 | Loss   0.9578 | Auc   0.8636 | Macro F1   0.7162
Epoch  468 | Loss   0.9602 | Auc   0.8628 | Macro F1   0.7205
Epoch  471 | Loss   0.9596 | Auc   0.8627 | Macro F1   0.7227
Epoch  474 | Loss   0.9635 | Auc   0.8627 | Macro F1   0.7195
Epoch  477 | Loss   0.9631 | Auc   0.8649 | Macro F1   0.7227
Epoch  480 | Loss   0.9584 | Auc   0.8636 | Macro F1   0.7195
Epoch  483 | Loss   0.9570 | Auc   0.8648 | Macro F1   0.7205
Epoch  486 | Loss   0.9510 | Auc   0.8648 | Macro F1   0.7227
Epoch  489 | Loss   0.9624 | Auc   0.8668 | Macro F1   0.7227
Epoch  492 | Loss   0.9533 | Auc   0.8670 | Macro F1   0.7129
Epoch  495 | Loss   0.9515 | Auc   0.8665 | Macro F1   0.7205
Epoch  498 | Loss   0.9587 | Auc   0.8637 | Macro F1   0.7238
Epoch  501 | Loss   0.9509 | Auc   0.8654 | Macro F1   0.7259
Epoch  504 | Loss   0.9574 | Auc   0.8666 | Macro F1   0.7205
Epoch  507 | Loss   0.9480 | Auc   0.8673 | Macro F1   0.7249 ----> New Best
Epoch  510 | Loss   0.9557 | Auc   0.8683 | Macro F1   0.7216
Epoch  513 | Loss   0.9508 | Auc   0.8668 | Macro F1   0.7249
Epoch  516 | Loss   0.9544 | Auc   0.8652 | Macro F1   0.7281
Epoch  519 | Loss   0.9510 | Auc   0.8664 | Macro F1   0.7260
Epoch  522 | Loss   0.9502 | Auc   0.8670 | Macro F1   0.7249
Epoch  525 | Loss   0.9490 | Auc   0.8669 | Macro F1   0.7227
Epoch  528 | Loss   0.9442 | Auc   0.8671 | Macro F1   0.7260
Epoch  531 | Loss   0.9415 | Auc   0.8653 | Macro F1   0.7292
Epoch  534 | Loss   0.9495 | Auc   0.8667 | Macro F1   0.7227
Epoch  537 | Loss   0.9518 | Auc   0.8656 | Macro F1   0.7292
Epoch  540 | Loss   0.9452 | Auc   0.8673 | Macro F1   0.7281
Epoch  543 | Loss   0.9452 | Auc   0.8663 | Macro F1   0.7281
Epoch  546 | Loss   0.9413 | Auc   0.8682 | Macro F1   0.7260 ----> New Best
Epoch  549 | Loss   0.9453 | Auc   0.8663 | Macro F1   0.7260
Epoch  552 | Loss   0.9491 | Auc   0.8646 | Macro F1   0.7292
Epoch  555 | Loss   0.9432 | Auc   0.8666 | Macro F1   0.7260
Epoch  558 | Loss   0.9392 | Auc   0.8676 | Macro F1   0.7260
Epoch  561 | Loss   0.9453 | Auc   0.8669 | Macro F1   0.7313
Epoch  564 | Loss   0.9406 | Auc   0.8684 | Macro F1   0.7260 ----> New Best
Epoch  567 | Loss   0.9388 | Auc   0.8692 | Macro F1   0.7324 ----> New Best
Epoch  570 | Loss   0.9358 | Auc   0.8692 | Macro F1   0.7292
Epoch  573 | Loss   0.9330 | Auc   0.8690 | Macro F1   0.7313
Epoch  576 | Loss   0.9450 | Auc   0.8679 | Macro F1   0.7313
Epoch  579 | Loss   0.9379 | Auc   0.8684 | Macro F1   0.7324
Epoch  582 | Loss   0.9422 | Auc   0.8688 | Macro F1   0.7292
Epoch  585 | Loss   0.9420 | Auc   0.8675 | Macro F1   0.7281
Epoch  588 | Loss   0.9384 | Auc   0.8683 | Macro F1   0.7260
Epoch  591 | Loss   0.9364 | Auc   0.8677 | Macro F1   0.7260
Epoch  594 | Loss   0.9380 | Auc   0.8669 | Macro F1   0.7260
Epoch  597 | Loss   0.9352 | Auc   0.8672 | Macro F1   0.7302
Epoch  600 | Loss   0.9362 | Auc   0.8664 | Macro F1   0.7313
Epoch  603 | Loss   0.9375 | Auc   0.8687 | Macro F1   0.7281
Epoch  606 | Loss   0.9346 | Auc   0.8688 | Macro F1   0.7313
Epoch  609 | Loss   0.9354 | Auc   0.8694 | Macro F1   0.7292
Epoch  612 | Loss   0.9321 | Auc   0.8690 | Macro F1   0.7313
Epoch  615 | Loss   0.9296 | Auc   0.8709 | Macro F1   0.7260
Epoch  618 | Loss   0.9297 | Auc   0.8689 | Macro F1   0.7345
Epoch  621 | Loss   0.9328 | Auc   0.8684 | Macro F1   0.7324
Epoch  624 | Loss   0.9348 | Auc   0.8680 | Macro F1   0.7313
Epoch  627 | Loss   0.9279 | Auc   0.8695 | Macro F1   0.7260
Epoch  630 | Loss   0.9316 | Auc   0.8694 | Macro F1   0.7260
Epoch  633 | Loss   0.9309 | Auc   0.8681 | Macro F1   0.7281
Epoch  636 | Loss   0.9293 | Auc   0.8683 | Macro F1   0.7281
Epoch  639 | Loss   0.9292 | Auc   0.8693 | Macro F1   0.7281
Epoch  642 | Loss   0.9312 | Auc   0.8679 | Macro F1   0.7303
Epoch  645 | Loss   0.9307 | Auc   0.8694 | Macro F1   0.7281
Epoch  648 | Loss   0.9215 | Auc   0.8694 | Macro F1   0.7302
Epoch  651 | Loss   0.9232 | Auc   0.8704 | Macro F1   0.7249
Epoch  654 | Loss   0.9221 | Auc   0.8705 | Macro F1   0.7260
Epoch  657 | Loss   0.9251 | Auc   0.8683 | Macro F1   0.7260

┌─────────────┬───────────────────────────┐
│ Conf Matrix │          Predict          │
├─────────────┼─────────────┬─────────────┤
│    Label    │     NEG     │     POS     │
├─────────────┼─────────────┼─────────────┤
│     NEG     │ TN:      46 │ FP:     108 │
├─────────────┼─────────────┼─────────────┤
│     POS     │ FN:      32 │ TP:    2233 │
└─────────────┴─────────────┴─────────────┘

F1 Pos  : 0.9696
F1 Neg  : 0.3966
Macro F1: 0.6831

=== RESULTS: SNEA on bitcoin-alpha (seed=42) ===
  Best epoch : 567
  Val AUC    : 0.8692
  Test AUC   : 0.8812
  Test macro_f1: 0.6831
  Saved → results_our_splits_canonical/bitcoin-alpha/SNEA/seed42/score.csv
