/home/eng/shilo_avital/yolo_lab/walk_to_paint/.venv/lib64/python3.9/site-packages/networkx/utils/backends.py:135: RuntimeWarning: networkx backend defined more than once: nx-loopback
  backends.update(_get_backends("networkx.backends"))
Outputs -> exp_dir: outputs/epinions/epinions-optuna_20251203-235202
Set torch.float32 matmul precision to 'medium' (Tensor Cores enabled)
🎯 Starting Optuna hyperparameter optimization with 200 trials
📊 Objective: Maximize validation AUC
🖥️  Device: 0
💾 Keeping top 10 checkpoints/logs to save space
/home/eng/shilo_avital/yolo_lab/walk_to_paint/optuna_run.py:368: ExperimentalWarning: JournalStorage is experimental (supported from v3.1.0). The interface can change in the future.
  storage = JournalStorage(JournalFileStorage(optuna_log))
[I 2025-12-03 23:52:05,335] A new study created in Journal with name: walk_to_paint_study_epinions-optuna_20251203-235202
🔁 Enqueued initial seed trial from config.optuna.initial_params
Seed set to 42

🔬 Trial 0 hyperparameters:
  Walk length: 83, Num walks: 219,589
  LR: 1.20e-03, Batch size: 64
  Model: emb_dim=32, hidden_dim=16
  Transformer: 5 layers, 8 heads
  Epochs: 25, Weighted loss: True
Loading epinions dataset...
Success! ✅
Splitting edges for epinions dataset...
Ratios: train=0.480, mask=0.320, val=0.100, test=0.100
Success! ✅
Sampling random walks from epinions dataset...
