{"op_code": 0, "worker_id": "1ecdcafe-4c5a-46b4-846e-f0d6beca5c33-140038578779968", "study_name": "walk_to_paint_study_slashdot090221-optuna", "directions": [2]}
{"op_code": 4, "worker_id": "1ecdcafe-4c5a-46b4-846e-f0d6beca5c33-140038578779968", "study_id": 0, "datetime_start": null, "state": 4, "value": null, "values": null, "distributions": {}, "params": {}, "user_attrs": {}, "system_attrs": {"fixed_params": {"dataset.max_walk_length": 83, "dataset.num_walks": 10000, "training.lr": 0.0011990397793339518, "training.weight_decay": 0.0026821863636421073, "training.batch_size": 32, "training.gradient_clip_val": 0.5956847053697083, "training.early_stopping_patience": 10, "training.epochs": 3, "model.embedding_dim": 32, "model.hidden_dim": 16, "model.nhead": 8, "model.nlayers": 5, "model.dropout": 0.6207573207736868}}, "intermediate_values": {}}
{"op_code": 6, "worker_id": "1ecdcafe-4c5a-46b4-846e-f0d6beca5c33-140038578779968", "trial_id": 0, "state": 0, "values": null, "datetime_start": "2025-12-03T21:22:38.760071"}
{"op_code": 5, "worker_id": "1ecdcafe-4c5a-46b4-846e-f0d6beca5c33-140038578779968", "trial_id": 0, "param_name": "dataset.max_walk_length", "param_value_internal": 83.0, "distribution": "{\"name\": \"IntDistribution\", \"attributes\": {\"log\": false, \"step\": 1, \"low\": 10, \"high\": 100}}"}
{"op_code": 5, "worker_id": "1ecdcafe-4c5a-46b4-846e-f0d6beca5c33-140038578779968", "trial_id": 0, "param_name": "dataset.num_walks", "param_value_internal": 10000.0, "distribution": "{\"name\": \"IntDistribution\", \"attributes\": {\"log\": true, \"step\": 1, \"low\": 100000, \"high\": 5000000}}"}
{"op_code": 5, "worker_id": "1ecdcafe-4c5a-46b4-846e-f0d6beca5c33-140038578779968", "trial_id": 0, "param_name": "training.lr", "param_value_internal": 0.0011990397793339518, "distribution": "{\"name\": \"FloatDistribution\", \"attributes\": {\"step\": null, \"low\": 1e-05, \"high\": 0.1, \"log\": true}}"}
{"op_code": 5, "worker_id": "1ecdcafe-4c5a-46b4-846e-f0d6beca5c33-140038578779968", "trial_id": 0, "param_name": "training.weight_decay", "param_value_internal": 0.0026821863636421073, "distribution": "{\"name\": \"FloatDistribution\", \"attributes\": {\"step\": null, \"low\": 1e-08, \"high\": 0.1, \"log\": true}}"}
{"op_code": 5, "worker_id": "1ecdcafe-4c5a-46b4-846e-f0d6beca5c33-140038578779968", "trial_id": 0, "param_name": "training.batch_size", "param_value_internal": 0, "distribution": "{\"name\": \"CategoricalDistribution\", \"attributes\": {\"choices\": [32, 64, 128, 256, 512]}}"}
{"op_code": 5, "worker_id": "1ecdcafe-4c5a-46b4-846e-f0d6beca5c33-140038578779968", "trial_id": 0, "param_name": "training.gradient_clip_val", "param_value_internal": 0.5956847053697083, "distribution": "{\"name\": \"FloatDistribution\", \"attributes\": {\"step\": null, \"low\": 0.1, \"high\": 2.0, \"log\": false}}"}
{"op_code": 5, "worker_id": "1ecdcafe-4c5a-46b4-846e-f0d6beca5c33-140038578779968", "trial_id": 0, "param_name": "training.early_stopping_patience", "param_value_internal": 10.0, "distribution": "{\"name\": \"IntDistribution\", \"attributes\": {\"log\": false, \"step\": 1, \"low\": 5, \"high\": 20}}"}
{"op_code": 5, "worker_id": "1ecdcafe-4c5a-46b4-846e-f0d6beca5c33-140038578779968", "trial_id": 0, "param_name": "model.nhead", "param_value_internal": 3, "distribution": "{\"name\": \"CategoricalDistribution\", \"attributes\": {\"choices\": [1, 2, 4, 8, 16]}}"}
{"op_code": 5, "worker_id": "1ecdcafe-4c5a-46b4-846e-f0d6beca5c33-140038578779968", "trial_id": 0, "param_name": "model.embedding_dim", "param_value_internal": 3, "distribution": "{\"name\": \"CategoricalDistribution\", \"attributes\": {\"choices\": [4, 8, 16, 32, 64, 128]}}"}
{"op_code": 5, "worker_id": "1ecdcafe-4c5a-46b4-846e-f0d6beca5c33-140038578779968", "trial_id": 0, "param_name": "model.hidden_dim", "param_value_internal": 2, "distribution": "{\"name\": \"CategoricalDistribution\", \"attributes\": {\"choices\": [4, 8, 16, 32, 64, 128, 256]}}"}
{"op_code": 5, "worker_id": "1ecdcafe-4c5a-46b4-846e-f0d6beca5c33-140038578779968", "trial_id": 0, "param_name": "model.nlayers", "param_value_internal": 5.0, "distribution": "{\"name\": \"IntDistribution\", \"attributes\": {\"log\": false, \"step\": 1, \"low\": 1, \"high\": 6}}"}
{"op_code": 5, "worker_id": "1ecdcafe-4c5a-46b4-846e-f0d6beca5c33-140038578779968", "trial_id": 0, "param_name": "model.dropout", "param_value_internal": 0.6207573207736868, "distribution": "{\"name\": \"FloatDistribution\", \"attributes\": {\"step\": null, \"low\": 0.0, \"high\": 0.7, \"log\": false}}"}
{"op_code": 5, "worker_id": "1ecdcafe-4c5a-46b4-846e-f0d6beca5c33-140038578779968", "trial_id": 0, "param_name": "training.epochs", "param_value_internal": 3.0, "distribution": "{\"name\": \"IntDistribution\", \"attributes\": {\"log\": false, \"step\": 1, \"low\": 1, \"high\": 3}}"}
{"op_code": 7, "worker_id": "1ecdcafe-4c5a-46b4-846e-f0d6beca5c33-140038578779968", "trial_id": 0, "step": 0, "intermediate_value": 0.6701732873916626}
{"op_code": 7, "worker_id": "1ecdcafe-4c5a-46b4-846e-f0d6beca5c33-140038578779968", "trial_id": 0, "step": 1, "intermediate_value": 0.7231343388557434}
{"op_code": 7, "worker_id": "1ecdcafe-4c5a-46b4-846e-f0d6beca5c33-140038578779968", "trial_id": 0, "step": 2, "intermediate_value": 0.7174245715141296}
{"op_code": 7, "worker_id": "1ecdcafe-4c5a-46b4-846e-f0d6beca5c33-140038578779968", "trial_id": 0, "step": 3, "intermediate_value": 0.7231343388557434}
{"op_code": 6, "worker_id": "1ecdcafe-4c5a-46b4-846e-f0d6beca5c33-140038578779968", "trial_id": 0, "state": 1, "values": [0.7231343388557434], "datetime_complete": "2025-12-03T21:23:02.222386"}
{"op_code": 4, "worker_id": "1ecdcafe-4c5a-46b4-846e-f0d6beca5c33-140038578779968", "study_id": 0, "datetime_start": "2025-12-03T21:23:02.223563"}
{"op_code": 5, "worker_id": "1ecdcafe-4c5a-46b4-846e-f0d6beca5c33-140038578779968", "trial_id": 1, "param_name": "dataset.max_walk_length", "param_value_internal": 28.0, "distribution": "{\"name\": \"IntDistribution\", \"attributes\": {\"log\": false, \"step\": 1, \"low\": 10, \"high\": 100}}"}
{"op_code": 5, "worker_id": "1ecdcafe-4c5a-46b4-846e-f0d6beca5c33-140038578779968", "trial_id": 1, "param_name": "dataset.num_walks", "param_value_internal": 1341495.0, "distribution": "{\"name\": \"IntDistribution\", \"attributes\": {\"log\": true, \"step\": 1, \"low\": 100000, \"high\": 5000000}}"}
{"op_code": 5, "worker_id": "1ecdcafe-4c5a-46b4-846e-f0d6beca5c33-140038578779968", "trial_id": 1, "param_name": "training.lr", "param_value_internal": 0.0001968144293064361, "distribution": "{\"name\": \"FloatDistribution\", \"attributes\": {\"step\": null, \"low\": 1e-05, \"high\": 0.1, \"log\": true}}"}
{"op_code": 5, "worker_id": "1ecdcafe-4c5a-46b4-846e-f0d6beca5c33-140038578779968", "trial_id": 1, "param_name": "training.weight_decay", "param_value_internal": 3.807398037920813e-06, "distribution": "{\"name\": \"FloatDistribution\", \"attributes\": {\"step\": null, \"low\": 1e-08, \"high\": 0.1, \"log\": true}}"}
{"op_code": 5, "worker_id": "1ecdcafe-4c5a-46b4-846e-f0d6beca5c33-140038578779968", "trial_id": 1, "param_name": "training.batch_size", "param_value_internal": 2, "distribution": "{\"name\": \"CategoricalDistribution\", \"attributes\": {\"choices\": [32, 64, 128, 256, 512]}}"}
{"op_code": 5, "worker_id": "1ecdcafe-4c5a-46b4-846e-f0d6beca5c33-140038578779968", "trial_id": 1, "param_name": "training.gradient_clip_val", "param_value_internal": 1.8823038464274482, "distribution": "{\"name\": \"FloatDistribution\", \"attributes\": {\"step\": null, \"low\": 0.1, \"high\": 2.0, \"log\": false}}"}
{"op_code": 5, "worker_id": "1ecdcafe-4c5a-46b4-846e-f0d6beca5c33-140038578779968", "trial_id": 1, "param_name": "training.early_stopping_patience", "param_value_internal": 9.0, "distribution": "{\"name\": \"IntDistribution\", \"attributes\": {\"log\": false, \"step\": 1, \"low\": 5, \"high\": 20}}"}
{"op_code": 5, "worker_id": "1ecdcafe-4c5a-46b4-846e-f0d6beca5c33-140038578779968", "trial_id": 1, "param_name": "model.nhead", "param_value_internal": 1, "distribution": "{\"name\": \"CategoricalDistribution\", \"attributes\": {\"choices\": [1, 2, 4, 8, 16]}}"}
{"op_code": 5, "worker_id": "1ecdcafe-4c5a-46b4-846e-f0d6beca5c33-140038578779968", "trial_id": 1, "param_name": "model.embedding_dim", "param_value_internal": 3, "distribution": "{\"name\": \"CategoricalDistribution\", \"attributes\": {\"choices\": [4, 8, 16, 32, 64, 128]}}"}
{"op_code": 5, "worker_id": "1ecdcafe-4c5a-46b4-846e-f0d6beca5c33-140038578779968", "trial_id": 1, "param_name": "model.hidden_dim", "param_value_internal": 2, "distribution": "{\"name\": \"CategoricalDistribution\", \"attributes\": {\"choices\": [4, 8, 16, 32, 64, 128, 256]}}"}
{"op_code": 5, "worker_id": "1ecdcafe-4c5a-46b4-846e-f0d6beca5c33-140038578779968", "trial_id": 1, "param_name": "model.nlayers", "param_value_internal": 5.0, "distribution": "{\"name\": \"IntDistribution\", \"attributes\": {\"log\": false, \"step\": 1, \"low\": 1, \"high\": 6}}"}
{"op_code": 5, "worker_id": "1ecdcafe-4c5a-46b4-846e-f0d6beca5c33-140038578779968", "trial_id": 1, "param_name": "model.dropout", "param_value_internal": 0.54100449045724, "distribution": "{\"name\": \"FloatDistribution\", \"attributes\": {\"step\": null, \"low\": 0.0, \"high\": 0.7, \"log\": false}}"}
{"op_code": 5, "worker_id": "1ecdcafe-4c5a-46b4-846e-f0d6beca5c33-140038578779968", "trial_id": 1, "param_name": "training.epochs", "param_value_internal": 3.0, "distribution": "{\"name\": \"IntDistribution\", \"attributes\": {\"log\": false, \"step\": 1, \"low\": 1, \"high\": 3}}"}
{"op_code": 6, "worker_id": "1ecdcafe-4c5a-46b4-846e-f0d6beca5c33-140038578779968", "trial_id": 1, "state": 3, "values": null, "datetime_complete": "2025-12-03T21:26:49.667493"}
