[1/3] Extracting edge scores for epinions...
Using device: cuda:1
Loading tokenizer from data/epinions/tokenizer.json...
Tokenizer loaded: vocab_size=131585, num_classes=2

Preparing data...
Loading preprocessed data from data/epinions/encoded.pt...
Success! ✅
Creating DataLoaders for epinions dataset...
Success! ✅

Loading model from /home/dsi/shilo_avital/yolo_lab/walk_to_paint/outputs/epinions/epinions-run_20251224-214709/checkpoints/epinions-epinions-run-epoch=15-val_loss=1.25.ckpt...
Model loaded successfully

Extracting from transformer val and test splits...

Extracting scores from transformer_val split...
Collected scores for 83479 unique edges in transformer_val

Extracting scores from transformer_test split...
Collected scores for 83419 unique edges in transformer_test

Computing aggregated features...

Splitting transformer val into aggregator train (80%) and val (20%)...

Saving features to /home/dsi/shilo_avital/yolo_lab/walk_to_paint/aggregator_features/epinions_features.pkl...

Summary:
  Agg train edges: 66783
  Agg val edges: 16696
  Agg test edges: 83419
  Feature dimension: 10

Features saved to: /home/dsi/shilo_avital/yolo_lab/walk_to_paint/aggregator_features/epinions_features.pkl
✓ Features saved to: /home/dsi/shilo_avital/yolo_lab/walk_to_paint/aggregator_features/epinions_features.pkl

[2/3] Training logistic aggregator for epinions...

============================================================
AGGREGATOR CONFIGURATION
============================================================
Model: logistic

Shared:
  class_weight: balanced

Logistic Regression:
  max_iter: 1000
  C (regularization): 1.0
============================================================

Loading features from /home/dsi/shilo_avital/yolo_lab/walk_to_paint/aggregator_features/epinions_features.pkl...
Dataset: epinions
Num classes: 2
Feature names: ['p5', 'p10', 'p25', 'p50', 'p75', 'p90', 'p95', 'mean', 'std', 'count']

Preparing agg train dataset...
Agg train: 66783 edges, 10 features

Preparing agg val dataset...
Agg val: 16696 edges

Preparing agg test dataset...
Agg test: 83419 edges

Class distribution:
  Agg train: [57018  9765]
  Agg val: [14210  2486]
  Agg test: [71111 12308]

Training Logistic Regression...
  class_weight: balanced
  max_iter: 1000
  C (regularization): 1.0
Val Accuracy: 0.8740
Val F1: 0.7909
Val AUC: 0.9120

============================================================
Evaluating on Agg Train set
============================================================

Metrics:
  Accuracy: 0.8746
  F1 Score: 0.7910
  AUC: 0.9079

Classification Report:
              precision    recall  f1-score   support

           0     0.9677    0.8826    0.9232     57018
           1     0.5471    0.8278    0.6588      9765

    accuracy                         0.8746     66783
   macro avg     0.7574    0.8552    0.7910     66783
weighted avg     0.9062    0.8746    0.8845     66783


Confusion Matrix:
[[50326  6692]
 [ 1682  8083]]

============================================================
Evaluating on Agg Val set
============================================================

Metrics:
  Accuracy: 0.8740
  F1 Score: 0.7909
  AUC: 0.9120

Classification Report:
              precision    recall  f1-score   support

           0     0.9652    0.8838    0.9227     14210
           1     0.5518    0.8178    0.6590      2486

    accuracy                         0.8740     16696
   macro avg     0.7585    0.8508    0.7909     16696
weighted avg     0.9036    0.8740    0.8834     16696


Confusion Matrix:
[[12559  1651]
 [  453  2033]]

============================================================
Evaluating on Agg Test set
============================================================

Metrics:
  Accuracy: 0.8753
  F1 Score: 0.7930
  AUC: 0.9085

Classification Report:
              precision    recall  f1-score   support

           0     0.9677    0.8832    0.9235     71111
           1     0.5514    0.8298    0.6625     12308

    accuracy                         0.8753     83419
   macro avg     0.7596    0.8565    0.7930     83419
weighted avg     0.9063    0.8753    0.8850     83419


Confusion Matrix:
[[62802  8309]
 [ 2095 10213]]

Model saved to /home/dsi/shilo_avital/yolo_lab/walk_to_paint/aggregator_results/epinions/logistic/aggregator_logistic.pkl
Scaler saved to /home/dsi/shilo_avital/yolo_lab/walk_to_paint/aggregator_results/epinions/logistic/scaler.pkl
Summary saved to /home/dsi/shilo_avital/yolo_lab/walk_to_paint/aggregator_results/epinions/logistic/summary.txt
Confusion matrix saved to /home/dsi/shilo_avital/yolo_lab/walk_to_paint/aggregator_results/epinions/logistic/train_confusion_matrix.png
Confusion matrix saved to /home/dsi/shilo_avital/yolo_lab/walk_to_paint/aggregator_results/epinions/logistic/val_confusion_matrix.png
Confusion matrix saved to /home/dsi/shilo_avital/yolo_lab/walk_to_paint/aggregator_results/epinions/logistic/test_confusion_matrix.png

============================================================
FINAL RESULTS - epinions
============================================================
Agg Test AUC: 0.9085
Agg Test Accuracy: 0.8753
Agg Test F1: 0.7930

All results saved to: /home/dsi/shilo_avital/yolo_lab/walk_to_paint/aggregator_results/epinions/logistic
✓ logistic aggregator saved to: /home/dsi/shilo_avital/yolo_lab/walk_to_paint/aggregator_results/epinions/logistic

[2/3] Training mlp aggregator for epinions...

============================================================
AGGREGATOR CONFIGURATION
============================================================
Model: mlp

Shared:
  class_weight: balanced

MLP:
  hidden_layers: (128, 64)
  learning_rate: 0.001
  batch_size: 32
  early_stopping_patience: 20
============================================================

Loading features from /home/dsi/shilo_avital/yolo_lab/walk_to_paint/aggregator_features/epinions_features.pkl...
Dataset: epinions
Num classes: 2
Feature names: ['p5', 'p10', 'p25', 'p50', 'p75', 'p90', 'p95', 'mean', 'std', 'count']

Preparing agg train dataset...
Agg train: 66783 edges, 10 features

Preparing agg val dataset...
Agg val: 16696 edges

Preparing agg test dataset...
Agg test: 83419 edges

Class distribution:
  Agg train: [57018  9765]
  Agg val: [14210  2486]
  Agg test: [71111 12308]

Training MLP Classifier...
  hidden_layer_sizes: (128, 64)
  learning_rate_init: 0.001
  early_stopping_patience: 20
  batch_size: 32
  class_weights (inverse frequency): {np.int64(0): np.float64(0.5856308534147111), np.int64(1): np.float64(3.419508448540707)}
Val Accuracy: 0.9175
Val F1: 0.8288
Val AUC: 0.9191

============================================================
Evaluating on Agg Train set
============================================================

Metrics:
  Accuracy: 0.9159
  F1 Score: 0.8244
  AUC: 0.9205

Classification Report:
              precision    recall  f1-score   support

           0     0.9434    0.9591    0.9512     57018
           1     0.7353    0.6638    0.6977      9765

    accuracy                         0.9159     66783
   macro avg     0.8394    0.8114    0.8244     66783
weighted avg     0.9129    0.9159    0.9141     66783


Confusion Matrix:
[[54685  2333]
 [ 3283  6482]]

============================================================
Evaluating on Agg Val set
============================================================

Metrics:
  Accuracy: 0.9175
  F1 Score: 0.8288
  AUC: 0.9191

Classification Report:
              precision    recall  f1-score   support

           0     0.9425    0.9617    0.9520     14210
           1     0.7523    0.6645    0.7057      2486

    accuracy                         0.9175     16696
   macro avg     0.8474    0.8131    0.8288     16696
weighted avg     0.9142    0.9175    0.9153     16696


Confusion Matrix:
[[13666   544]
 [  834  1652]]

============================================================
Evaluating on Agg Test set
============================================================

Metrics:
  Accuracy: 0.9160
  F1 Score: 0.8256
  AUC: 0.9184

Classification Report:
              precision    recall  f1-score   support

           0     0.9429    0.9596    0.9512     71111
           1     0.7399    0.6644    0.7001     12308

    accuracy                         0.9160     83419
   macro avg     0.8414    0.8120    0.8256     83419
weighted avg     0.9130    0.9160    0.9141     83419


Confusion Matrix:
[[68236  2875]
 [ 4131  8177]]

Model saved to /home/dsi/shilo_avital/yolo_lab/walk_to_paint/aggregator_results/epinions/mlp/aggregator_mlp.pkl
Scaler saved to /home/dsi/shilo_avital/yolo_lab/walk_to_paint/aggregator_results/epinions/mlp/scaler.pkl
Summary saved to /home/dsi/shilo_avital/yolo_lab/walk_to_paint/aggregator_results/epinions/mlp/summary.txt
Confusion matrix saved to /home/dsi/shilo_avital/yolo_lab/walk_to_paint/aggregator_results/epinions/mlp/train_confusion_matrix.png
Confusion matrix saved to /home/dsi/shilo_avital/yolo_lab/walk_to_paint/aggregator_results/epinions/mlp/val_confusion_matrix.png
Confusion matrix saved to /home/dsi/shilo_avital/yolo_lab/walk_to_paint/aggregator_results/epinions/mlp/test_confusion_matrix.png

============================================================
FINAL RESULTS - epinions
============================================================
Agg Test AUC: 0.9184
Agg Test Accuracy: 0.9160
Agg Test F1: 0.8256

All results saved to: /home/dsi/shilo_avital/yolo_lab/walk_to_paint/aggregator_results/epinions/mlp
✓ mlp aggregator saved to: /home/dsi/shilo_avital/yolo_lab/walk_to_paint/aggregator_results/epinions/mlp

╔════════════════════════════════════════════════════════════╗
║  Completed: epinions (16903s)
╚════════════════════════════════════════════════════════════╝

